2026.08.25 18:56:51 WARN  Using H2 2.4.240 which is newer than the version Flyway has been verified with. The latest verified version of H2 is 2.3.232.
2026.08.25 18:56:52 INFO  no build target found for C:\dev\nightwatch\1\2\5\test7\player\hungermonster.java. Using fallback presentation compiler.
2026.08.25 18:56:53 WARN  no build tool detected in workspace 'C:\dev\nightwatch'. The most common cause for this problem is that the editor was opened in the wrong working directory, for example if you use sbt then the workspace directory should contain build.sbt. 
2026.08.25 18:56:52 WARN  Build server is not auto-connectable.
2026.08.25 18:56:53 WARN  no build target for: C:\dev\nightwatch\1\2\5\test7\player\hungermonster.java
2026.08.25 18:56:54 WARN  Running javac-semanticdb failed for file:///C:/dev/nightwatch/1/2/5/test7/player/hungermonster.java. Output:

2026.08.25 18:56:54 INFO  time: code lens generation in 1.09s
2026.08.25 18:56:58 WARN  no build target for: C:\dev\nightwatch\1\2\5\test7\player\hungermonster.java
2026.08.25 18:56:58 INFO  no build target found for C:\dev\nightwatch\1\2\5\test7\player\hungermonster.java. Using fallback presentation compiler.
2026.08.25 18:57:03 INFO  no build target found for C:\dev\nightwatch\1\2\5\test7\player\hungermonster.java. Using fallback presentation compiler.
2026.08.25 18:57:12 INFO  no build target found for C:\dev\nightwatch\1\2\5\test7\player\hungermonster.java. Using fallback presentation compiler.
2026.08.25 18:57:32 WARN  no build target for: C:\dev\nightwatch\1\2\5\test7\player\onecep\anotherjpmorganfile\testerdummyonesecondtimer.java
2026.08.25 18:57:32 WARN  Running javac-semanticdb failed for file:///C:/dev/nightwatch/1/2/5/test7/player/onecep/anotherjpmorganfile/testerdummyonesecondtimer.java. Output:

2026.08.25 18:57:32 INFO  no build target found for C:\dev\nightwatch\1\2\5\test7\player\onecep\anotherjpmorganfile\testerdummyonesecondtimer.java. Using fallback presentation compiler.
2026.08.25 18:57:32 INFO  no build target found for C:\dev\nightwatch\1\2\5\test7\player\onecep\anotherjpmorganfile\testerdummyonesecondtimer.java. Using fallback presentation compiler.
2026.08.25 18:57:32 INFO  no build target found for C:\dev\nightwatch\1\2\5\test7\player\onecep\anotherjpmorganfile\testerdummyonesecondtimer.java. Using fallback presentation compiler.
2026.08.25 18:57:32 INFO  no build target found for C:\dev\nightwatch\1\2\5\test7\player\onecep\anotherjpmorganfile\testerdummyonesecondtimer.java. Using fallback presentation compiler.
2026.08.25 18:57:32 INFO  no build target found for C:\dev\nightwatch\1\2\5\test7\player\onecep\anotherjpmorganfile\testerdummyonesecondtimer.java. Using fallback presentation compiler.
2026.08.25 18:57:33 WARN  no build target for: C:\dev\nightwatch\1\2\5\test7\player\onecep\anotherjpmorganfile\testerdummyonesecondtimer.java
2026.08.25 18:57:33 WARN  Running javac-semanticdb failed for file:///C:/dev/nightwatch/1/2/5/test7/player/onecep/anotherjpmorganfile/testerdummyonesecondtimer.java. Output:

2026.08.25 18:57:33 INFO  no build target found for C:\dev\nightwatch\1\2\5\test7\player\onecep\anotherjpmorganfile\testerdummyonesecondtimer.java. Using fallback presentation compiler.
2026.08.25 18:57:32 INFO  no build target found for C:\dev\nightwatch\1\2\5\test7\player\onecep\anotherjpmorganfile\testerdummyonesecondtimer.java. Using fallback presentation compiler.
2026.08.25 18:58:02 INFO  no build target found for C:\dev\nightwatch\1\2\5\test7\player\onecep\anotherjpmorganfile\testerdummyonesecondtimer.java. Using fallback presentation compiler.
Aug 25, 2026 6:59:45 PM org.eclipse.lsp4j.jsonrpc.services.GenericEndpoint notify
INFO: Unsupported notification method: $/setTrace
2026.08.25 19:01:04 WARN  no build target for: C:\dev\nightwatch\1\2\5\test7\player\onecep\anotherjpmorganfile\testerdummyonesecondtimer.java
2026.08.25 19:01:04 INFO  no build target found for C:\dev\nightwatch\1\2\5\test7\player\onecep\anotherjpmorganfile\testerdummyonesecondtimer.java. Using fallback presentation compiler.
2026.08.25 19:01:04 INFO  no build target found for C:\dev\nightwatch\1\2\5\test7\player\onecep\anotherjpmorganfile\testerdummyonesecondtimer.java. Using fallback presentation compiler.
2026.08.25 19:01:17 INFO  no build target found for C:\dev\nightwatch\1\2\5\test7\player\onecep\anotherjpmorganfile\testerdummyonesecondtimer.java. Using fallback presentation compiler.
2026.08.25 19:01:59 INFO  no build target found for c:\dev\nightwatch\1\2\5\test7\player\hungermonster.java. Using fallback presentation compiler.
2026.08.25 19:01:59 INFO  no build target found for c:\dev\nightwatch\1\2\5\test7\player\onecep\anotherjpmorganfile\testerdummyonesecondtimer.java. Using fallback presentation compiler.
2026.08.25 19:02:02 INFO  Shutting down server
2026.08.25 19:02:02 INFO  Memory monitor stopped
2026.08.25 19:02:02 INFO  shutting down Metals
2026.08.25 19:02:02 INFO  Exiting server
